Import `add_integer`

>>> add_integer = __import__('0-add_integer').add_integer

'positive integer values'
>>> add_integer(1, 2)
3

'one negative integer value'
>>> add_integer(100, -2)
98

'one value'
>>> add_integer(2)
100

'two float values'
>>> add_integer(5.5, 3.5)
9

>>> add_integer(4, 5)
9

>>> add_integer(4, -5)
-1

>>> add_integer(4)
102

>>> add_integer('a')
Traceback (most recent call last):
TypeError: a must be an integer

>>> add_integer(2, 'b')
Traceback (most recent call last):
TypeError: b must be an integer
